-- The C compiler identification is GNU 13.3.0
-- The CXX compiler identification is GNU 13.3.0
-- Detecting C compiler ABI info
-- Detecting C compiler ABI info - done
-- Check for working C compiler: /usr/bin/cc - skipped
-- Detecting C compile features
-- Detecting C compile features - done
-- Detecting CXX compiler ABI info
-- Detecting CXX compiler ABI info - done
-- Check for working CXX compiler: /usr/bin/c++ - skipped
-- Detecting CXX compile features
-- Detecting CXX compile features - done
-- Found ament_cmake: 2.5.6 (/opt/ros/jazzy/share/ament_cmake/cmake)
-- Found Python3: /usr/bin/python3 (found version "3.12.3") found components: Interpreter 
-- Found rclcpp: 28.1.18 (/opt/ros/jazzy/share/rclcpp/cmake)
-- Found rosidl_generator_c: 4.6.7 (/opt/ros/jazzy/share/rosidl_generator_c/cmake)
-- Found rosidl_generator_cpp: 4.6.7 (/opt/ros/jazzy/share/rosidl_generator_cpp/cmake)
-- Using all available rosidl_typesupport_c: rosidl_typesupport_fastrtps_c;rosidl_typesupport_introspection_c
-- Using all available rosidl_typesupport_cpp: rosidl_typesupport_fastrtps_cpp;rosidl_typesupport_introspection_cpp
-- Found rmw_implementation_cmake: 7.3.3 (/opt/ros/jazzy/share/rmw_implementation_cmake/cmake)
-- Found rmw_cyclonedds_cpp: 2.2.4 (/opt/ros/jazzy/share/rmw_cyclonedds_cpp/cmake)
-- Using RMW implementation 'rmw_cyclonedds_cpp' as default
-- Found ament_lint_auto: 0.17.5 (/opt/ros/jazzy/share/ament_lint_auto/cmake)
-- Added test 'flake8' to check Python code syntax and style conventions
-- Configured 'flake8' exclude dirs and/or files: 
-- Added test 'lint_cmake' to check CMake code style
-- Added test 'pep257' to check Python code against some of the docstring style conventions in PEP 257
-- Added test 'xmllint' to check XML markup files
-- Found ament_cmake_pytest: 2.5.6 (/opt/ros/jazzy/share/ament_cmake_pytest/cmake)
-- Configuring done (6.8s)
-- Generating done (0.0s)
-- Build files have been written to: /home/lr/ci_demo/build/my_ci_pkg
-- Install configuration: ""
-- Installing: /home/lr/ci_demo/install/my_ci_pkg/share/ament_index/resource_index/package_run_dependencies/my_ci_pkg
-- Installing: /home/lr/ci_demo/install/my_ci_pkg/share/ament_index/resource_index/parent_prefix_path/my_ci_pkg
-- Installing: /home/lr/ci_demo/install/my_ci_pkg/share/my_ci_pkg/environment/ament_prefix_path.sh
-- Installing: /home/lr/ci_demo/install/my_ci_pkg/share/my_ci_pkg/environment/ament_prefix_path.dsv
-- Installing: /home/lr/ci_demo/install/my_ci_pkg/share/my_ci_pkg/environment/path.sh
-- Installing: /home/lr/ci_demo/install/my_ci_pkg/share/my_ci_pkg/environment/path.dsv
-- Installing: /home/lr/ci_demo/install/my_ci_pkg/share/my_ci_pkg/local_setup.bash
-- Installing: /home/lr/ci_demo/install/my_ci_pkg/share/my_ci_pkg/local_setup.sh
-- Installing: /home/lr/ci_demo/install/my_ci_pkg/share/my_ci_pkg/local_setup.zsh
-- Installing: /home/lr/ci_demo/install/my_ci_pkg/share/my_ci_pkg/local_setup.dsv
-- Installing: /home/lr/ci_demo/install/my_ci_pkg/share/my_ci_pkg/package.dsv
-- Installing: /home/lr/ci_demo/install/my_ci_pkg/share/ament_index/resource_index/packages/my_ci_pkg
-- Installing: /home/lr/ci_demo/install/my_ci_pkg/share/my_ci_pkg/cmake/my_ci_pkgConfig.cmake
-- Installing: /home/lr/ci_demo/install/my_ci_pkg/share/my_ci_pkg/cmake/my_ci_pkgConfig-version.cmake
-- Installing: /home/lr/ci_demo/install/my_ci_pkg/share/my_ci_pkg/package.xml
