[0.055s] Invoking command in '/home/lr/ci_demo/build/my_ci_pkg': CMAKE_PREFIX_PATH=${CMAKE_PREFIX_PATH}:/home/lr/ros2_ws/install/turtle_tf2_broadcaster:/home/lr/ros2_ws/install/monitor_demo:/home/lr/ros2_ws/install/executor_demo:/home/lr/ros2_ws/install/demo_pkg:/opt/ros/jazzy DEBUGINFOD_URLS=https://debuginfod.ubuntu.com /usr/bin/cmake /home/lr/ci_demo/src/my_ci_pkg -DCMAKE_INSTALL_PREFIX=/home/lr/ci_demo/install/my_ci_pkg
[0.865s] -- The C compiler identification is GNU 13.3.0
[1.786s] -- The CXX compiler identification is GNU 13.3.0
[1.866s] -- Detecting C compiler ABI info
[2.306s] -- Detecting C compiler ABI info - done
[2.324s] -- Check for working C compiler: /usr/bin/cc - skipped
[2.326s] -- Detecting C compile features
[2.327s] -- Detecting C compile features - done
[2.359s] -- Detecting CXX compiler ABI info
[2.700s] -- Detecting CXX compiler ABI info - done
[2.717s] -- Check for working CXX compiler: /usr/bin/c++ - skipped
[2.718s] -- Detecting CXX compile features
[2.719s] -- Detecting CXX compile features - done
[2.772s] -- Found ament_cmake: 2.5.6 (/opt/ros/jazzy/share/ament_cmake/cmake)
[3.171s] -- Found Python3: /usr/bin/python3 (found version "3.12.3") found components: Interpreter 
[3.712s] -- Found rclcpp: 28.1.18 (/opt/ros/jazzy/share/rclcpp/cmake)
[3.960s] -- Found rosidl_generator_c: 4.6.7 (/opt/ros/jazzy/share/rosidl_generator_c/cmake)
[4.027s] -- Found rosidl_generator_cpp: 4.6.7 (/opt/ros/jazzy/share/rosidl_generator_cpp/cmake)
[4.124s] -- Using all available rosidl_typesupport_c: rosidl_typesupport_fastrtps_c;rosidl_typesupport_introspection_c
[4.219s] -- Using all available rosidl_typesupport_cpp: rosidl_typesupport_fastrtps_cpp;rosidl_typesupport_introspection_cpp
[4.587s] -- Found rmw_implementation_cmake: 7.3.3 (/opt/ros/jazzy/share/rmw_implementation_cmake/cmake)
[4.608s] -- Found rmw_cyclonedds_cpp: 2.2.4 (/opt/ros/jazzy/share/rmw_cyclonedds_cpp/cmake)
[4.781s] -- Using RMW implementation 'rmw_cyclonedds_cpp' as default
[5.079s] -- Found ament_lint_auto: 0.17.5 (/opt/ros/jazzy/share/ament_lint_auto/cmake)
[5.432s] -- Added test 'flake8' to check Python code syntax and style conventions
[5.432s] -- Configured 'flake8' exclude dirs and/or files: 
[5.435s] -- Added test 'lint_cmake' to check CMake code style
[5.438s] -- Added test 'pep257' to check Python code against some of the docstring style conventions in PEP 257
[5.443s] -- Added test 'xmllint' to check XML markup files
[5.465s] -- Found ament_cmake_pytest: 2.5.6 (/opt/ros/jazzy/share/ament_cmake_pytest/cmake)
[7.185s] -- Configuring done (6.8s)
[7.201s] -- Generating done (0.0s)
[7.207s] -- Build files have been written to: /home/lr/ci_demo/build/my_ci_pkg
[7.228s] Invoked command in '/home/lr/ci_demo/build/my_ci_pkg' returned '0': CMAKE_PREFIX_PATH=${CMAKE_PREFIX_PATH}:/home/lr/ros2_ws/install/turtle_tf2_broadcaster:/home/lr/ros2_ws/install/monitor_demo:/home/lr/ros2_ws/install/executor_demo:/home/lr/ros2_ws/install/demo_pkg:/opt/ros/jazzy DEBUGINFOD_URLS=https://debuginfod.ubuntu.com /usr/bin/cmake /home/lr/ci_demo/src/my_ci_pkg -DCMAKE_INSTALL_PREFIX=/home/lr/ci_demo/install/my_ci_pkg
[7.232s] Invoking command in '/home/lr/ci_demo/build/my_ci_pkg': CMAKE_PREFIX_PATH=${CMAKE_PREFIX_PATH}:/home/lr/ros2_ws/install/turtle_tf2_broadcaster:/home/lr/ros2_ws/install/monitor_demo:/home/lr/ros2_ws/install/executor_demo:/home/lr/ros2_ws/install/demo_pkg:/opt/ros/jazzy DEBUGINFOD_URLS=https://debuginfod.ubuntu.com /usr/bin/cmake --build /home/lr/ci_demo/build/my_ci_pkg -- -j8 -l8
[7.346s] Invoked command in '/home/lr/ci_demo/build/my_ci_pkg' returned '0': CMAKE_PREFIX_PATH=${CMAKE_PREFIX_PATH}:/home/lr/ros2_ws/install/turtle_tf2_broadcaster:/home/lr/ros2_ws/install/monitor_demo:/home/lr/ros2_ws/install/executor_demo:/home/lr/ros2_ws/install/demo_pkg:/opt/ros/jazzy DEBUGINFOD_URLS=https://debuginfod.ubuntu.com /usr/bin/cmake --build /home/lr/ci_demo/build/my_ci_pkg -- -j8 -l8
[7.378s] Invoking command in '/home/lr/ci_demo/build/my_ci_pkg': CMAKE_PREFIX_PATH=${CMAKE_PREFIX_PATH}:/home/lr/ros2_ws/install/turtle_tf2_broadcaster:/home/lr/ros2_ws/install/monitor_demo:/home/lr/ros2_ws/install/executor_demo:/home/lr/ros2_ws/install/demo_pkg:/opt/ros/jazzy DEBUGINFOD_URLS=https://debuginfod.ubuntu.com /usr/bin/cmake --install /home/lr/ci_demo/build/my_ci_pkg
[7.406s] -- Install configuration: ""
[7.406s] -- Installing: /home/lr/ci_demo/install/my_ci_pkg/share/ament_index/resource_index/package_run_dependencies/my_ci_pkg
[7.407s] -- Installing: /home/lr/ci_demo/install/my_ci_pkg/share/ament_index/resource_index/parent_prefix_path/my_ci_pkg
[7.408s] -- Installing: /home/lr/ci_demo/install/my_ci_pkg/share/my_ci_pkg/environment/ament_prefix_path.sh
[7.408s] -- Installing: /home/lr/ci_demo/install/my_ci_pkg/share/my_ci_pkg/environment/ament_prefix_path.dsv
[7.409s] -- Installing: /home/lr/ci_demo/install/my_ci_pkg/share/my_ci_pkg/environment/path.sh
[7.409s] -- Installing: /home/lr/ci_demo/install/my_ci_pkg/share/my_ci_pkg/environment/path.dsv
[7.410s] -- Installing: /home/lr/ci_demo/install/my_ci_pkg/share/my_ci_pkg/local_setup.bash
[7.410s] -- Installing: /home/lr/ci_demo/install/my_ci_pkg/share/my_ci_pkg/local_setup.sh
[7.410s] -- Installing: /home/lr/ci_demo/install/my_ci_pkg/share/my_ci_pkg/local_setup.zsh
[7.411s] -- Installing: /home/lr/ci_demo/install/my_ci_pkg/share/my_ci_pkg/local_setup.dsv
[7.411s] -- Installing: /home/lr/ci_demo/install/my_ci_pkg/share/my_ci_pkg/package.dsv
[7.412s] -- Installing: /home/lr/ci_demo/install/my_ci_pkg/share/ament_index/resource_index/packages/my_ci_pkg
[7.414s] -- Installing: /home/lr/ci_demo/install/my_ci_pkg/share/my_ci_pkg/cmake/my_ci_pkgConfig.cmake
[7.414s] -- Installing: /home/lr/ci_demo/install/my_ci_pkg/share/my_ci_pkg/cmake/my_ci_pkgConfig-version.cmake
[7.414s] -- Installing: /home/lr/ci_demo/install/my_ci_pkg/share/my_ci_pkg/package.xml
[7.418s] Invoked command in '/home/lr/ci_demo/build/my_ci_pkg' returned '0': CMAKE_PREFIX_PATH=${CMAKE_PREFIX_PATH}:/home/lr/ros2_ws/install/turtle_tf2_broadcaster:/home/lr/ros2_ws/install/monitor_demo:/home/lr/ros2_ws/install/executor_demo:/home/lr/ros2_ws/install/demo_pkg:/opt/ros/jazzy DEBUGINFOD_URLS=https://debuginfod.ubuntu.com /usr/bin/cmake --install /home/lr/ci_demo/build/my_ci_pkg
